--------------------
./configure
Fri Jun 12 21:00:39 EDT 2026
=== ztest92156.c ===
extern int getchar();
int hello() {return getchar();}
===
clang -c ztest92156.c
... using gcc

Checking for obsessive-compulsive compiler options...
=== ztest92156.c ===
int foo() { return 0; }
===
clang -c -finstrument-functions -g -gdwarf-4 ztest92156.c

Checking for shared library support...
=== ztest92156.c ===
extern int getchar();
int hello() {return getchar();}
===
clang -c -finstrument-functions -g -gdwarf-4 -fPIC ztest92156.c
clang -shared -Wl,-soname,libz.so.1,--version-script,zlib.map -finstrument-functions -g -gdwarf-4 -fPIC -o ztest92156.so ztest92156.o
Building shared library libz.so.1.3.1 with clang.

=== ztest92156.c ===
#include <stdio.h>
#include <stdlib.h>
size_t dummy = 0;
===
clang -c -finstrument-functions -g -gdwarf-4 ztest92156.c
Checking for size_t... Yes.

=== ztest92156.c ===
#include <sys/types.h>
off64_t dummy = 0;
===
clang -c -finstrument-functions -g -gdwarf-4 -D_LARGEFILE64_SOURCE=1 ztest92156.c
Checking for off64_t... Yes.
Checking for fseeko... Yes.

=== ztest92156.c ===
#include <string.h>
#include <errno.h>
int main() { return strlen(strerror(errno)); }
===
clang -finstrument-functions -g -gdwarf-4 -D_LARGEFILE64_SOURCE=1 -o ztest92156 ztest92156.c
Checking for strerror... Yes.

=== ztest92156.c ===
#include <unistd.h>
int main() { return 0; }
===
clang -c -finstrument-functions -g -gdwarf-4 -D_LARGEFILE64_SOURCE=1 ztest92156.c
Checking for unistd.h... Yes.

=== ztest92156.c ===
#include <stdarg.h>
int main() { return 0; }
===
clang -c -finstrument-functions -g -gdwarf-4 -D_LARGEFILE64_SOURCE=1 ztest92156.c
Checking for stdarg.h... Yes.

=== ztest92156.c ===
#include <stdio.h>
#include <stdarg.h>
#include "zconf.h"
int main()
{
#ifndef STDC
  choke me
#endif
  return 0;
}
===
clang -c -finstrument-functions -g -gdwarf-4 -D_LARGEFILE64_SOURCE=1 ztest92156.c
Checking whether to use vs[n]printf() or s[n]printf()... using vs[n]printf().

=== ztest92156.c ===
#include <stdio.h>
#include <stdarg.h>
int mytest(const char *fmt, ...)
{
  char buf[20];
  va_list ap;
  va_start(ap, fmt);
  vsnprintf(buf, sizeof(buf), fmt, ap);
  va_end(ap);
  return 0;
}
int main()
{
  return (mytest("Hello%d\n", 1));
}
===
clang -finstrument-functions -g -gdwarf-4 -D_LARGEFILE64_SOURCE=1 -o ztest92156 ztest92156.c
Checking for vsnprintf() in stdio.h... Yes.

=== ztest92156.c ===
#include <stdio.h>
#include <stdarg.h>
int mytest(const char *fmt, ...)
{
  int n;
  char buf[20];
  va_list ap;
  va_start(ap, fmt);
  n = vsnprintf(buf, sizeof(buf), fmt, ap);
  va_end(ap);
  return n;
}
int main()
{
  return (mytest("Hello%d\n", 1));
}
===
clang -c -finstrument-functions -g -gdwarf-4 -D_LARGEFILE64_SOURCE=1 ztest92156.c
Checking for return value of vsnprintf()... Yes.

=== ztest92156.c ===
#define ZLIB_INTERNAL __attribute__((visibility ("hidden")))
int ZLIB_INTERNAL foo;
int main()
{
  return 0;
}
===
clang -c -finstrument-functions -g -gdwarf-4 -D_LARGEFILE64_SOURCE=1 ztest92156.c
Checking for attribute(visibility) support... Yes.

ALL = static shared all64
AR = ar
ARFLAGS = rc
CC = clang
CFLAGS = -finstrument-functions -g -gdwarf-4 -D_LARGEFILE64_SOURCE=1 -DHAVE_HIDDEN
CPP =
EXE =
LDCONFIG = ldconfig
LDFLAGS =
LDSHARED = clang -shared -Wl,-soname,libz.so.1,--version-script,zlib.map
LDSHAREDLIBC = -lc
OBJC = $(OBJZ) $(OBJG)
PIC_OBJC = $(PIC_OBJZ) $(PIC_OBJG)
RANLIB = ranlib
SFLAGS = -finstrument-functions -g -gdwarf-4 -fPIC -D_LARGEFILE64_SOURCE=1 -DHAVE_HIDDEN
SHAREDLIB = libz.so
SHAREDLIBM = libz.so.1
SHAREDLIBV = libz.so.1.3.1
STATICLIB = libz.a
TEST = all teststatic testshared test64
VER = 1.3.1
SRCDIR =
exec_prefix = ${prefix}
includedir = ${prefix}/include
libdir = ${exec_prefix}/lib
mandir = ${prefix}/share/man
prefix = /usr/local
sharedlibdir = ${libdir}
uname = Linux
--------------------


